[SO] inventario=42 tipos={'pdf': 34, 'code': 7, 'zip': 1} metadata=[]
[SO] 0/42 23.06 Lâminas Gerência de Arquivos
[SO] -1/-1 
[SO] -1/-1 
[SO] -1/-1 
[SO] -1/-1 
[SO] 1/42 23.06 Lâminas Lâminas Armazenamento em Massa
[SO] -1/-1 
[SO] -1/-1 
[SO] -1/-1 
[SO] -1/-1 
[SO] 2/42 02.06 Lâminas Gerência de I O (Livro-texto)
[SO] -1/-1 
[SO] -1/-1 
[SO] -1/-1 
[SO] -1/-1 
[SO] 3/42 02.06 Lâminas Mecanismos de Interrupção
[SO] -1/-1 
[SO] -1/-1 
[SO] -1/-1 
[SO] -1/-1 
[SO] 4/42 02.05 Lâminas Segmentação
[SO] -1/-1 
[SO] -1/-1 
[SO] -1/-1 
[SO] -1/-1 
[SO] 5/42 02.06 Lâminas Memória Virtual (Livro-texto)
[SO] -1/-1 
[SO] -1/-1 
[SO] -1/-1 
[SO] -1/-1 
[SO] 6/42 12.05 Lâminas Gerência de Memória
[SO] -1/-1 
[SO] -1/-1 
[SO] -1/-1 
[SO] -1/-1 
[SO] 7/42 21.05 Lâminas Paginação
[SO] -1/-1 
[SO] -1/-1 
[SO] -1/-1 
[SO] -1/-1 
[SO] 8/42 24.03 Escalonamento de Processos
[SO] -1/-1 
[SO] -1/-1 
[SO] -1/-1 
[SO] -1/-1 
[SO] 9/42 26.03 Algoritmos de Escalonamento
[SO] -1/-1 
[SO] -1/-1 
[SO] -1/-1 
[SO] -1/-1 
[SO] 10/42 Exercícios
[SO] -1/-1 
[SO] -1/-1 
[SO] -1/-1 
[SO] -1/-1 
[SO] 11/42 Apresentação da Disciplina
[SO] -1/-1 
[SO] -1/-1 
[SO] -1/-1 
[SO] -1/-1 
[SO] 12/42 Exercícios P2
[SO] -1/-1 
[SO] -1/-1 
[SO] -1/-1 
[SO] -1/-1 
[SO] 13/42 Lista Exercícios P1 Gabarito
[SO] -1/-1 
[SO] -1/-1 
[SO] -1/-1 
[SO] -1/-1 
[SO] 14/42 Lista Exercícios P1
[SO] -1/-1 
[SO] -1/-1 
[SO] -1/-1 
[SO] -1/-1 
[SO] 15/42 Lista Exercícios P2
[SO] -1/-1 
[SO] -1/-1 
[SO] -1/-1 
[SO] -1/-1 
[SO] 16/42 lista1_gab
[SO] -1/-1 
[SO] -1/-1 
[SO] -1/-1 
[SO] -1/-1 
[SO] 17/42 lista2
[SO] -1/-1 
[SO] -1/-1 
[SO] -1/-1 
[SO] -1/-1 
[SO] 18/42 Plano de Ensino
[SO] -1/-1 
[SO] -1/-1 
[SO] -1/-1 
[SO] -1/-1 
[SO] 19/42 Programa
[SO] -1/-1 
[SO] -1/-1 
[SO] -1/-1 
[SO] -1/-1 
[SO] 20/42 Questões do ENADE sobre SISOP
[SO] -1/-1 
[SO] 21/42 Definição e Histórico
[SO] -1/-1 
[SO] -1/-1 
[SO] -1/-1 
[SO] -1/-1 
[SO] 22/42 12.03 Processos
[SO] -1/-1 
[SO] -1/-1 
[SO] -1/-1 
[SO] -1/-1 
[SO] 23/42 17.03 Chamada de Sistema
[SO] -1/-1 
[SO] -1/-1 
[SO] -1/-1 
[SO] -1/-1 
[SO] 24/42 19.03 Estruturas de Controle
[SO] -1/-1 
[SO] -1/-1 
[SO] -1/-1 
[SO] -1/-1 
[SO] 25/42 Exemplo Criação de Processos no Unix Linux - filho
[SO] 26/42 Exemplo Criação de Processos no Unix Linux - teste01
[SO] 27/42 Exemplo Criação de Processos no Unix Linux - teste02
[SO] 28/42 Exemplo Criação de Processos no Unix Linux - teste03
[SO] 29/42 07.04 Lâminas Comunicação e Sincronização
[SO] -1/-1 
[SO] -1/-1 
[SO] -1/-1 
[SO] -1/-1 
[SO] 30/42 09.04 Lâminas Semáforos
[SO] -1/-1 
[SO] -1/-1 
[SO] -1/-1 
[SO] -1/-1 
[SO] 31/42 14 04 Troca de Mensagens
[SO] -1/-1 
[SO] -1/-1 
[SO] -1/-1 
[SO] -1/-1 
[SO] 32/42 14.04 Lâminas IPC
[SO] -1/-1 
[SO] -1/-1 
[SO] -1/-1 
[SO] -1/-1 
  [latex-check] LaTeX possivelmente corrompido em 14.04 Lâminas IPC (score: 30/100).
[SO] 33/42 14.04 Troca de Mensagens
[SO] -1/-1 
[SO] -1/-1 
[SO] -1/-1 
[SO] -1/-1 
[SO] 34/42 Lâminas CS 4244 Internet Programming Sockets Programming
[SO] -1/-1 
[SO] -1/-1 
[SO] -1/-1 
[SO] -1/-1 
[SO] 35/42 Lâminas Sockets (material alternativo em PT)
[SO] -1/-1 
[SO] -1/-1 
[SO] -1/-1 
[SO] -1/-1 
[SO] 36/42 07.04 Exemplo threads em Java
[SO] 37/42 31.03 Threads
[SO] -1/-1 
[SO] -1/-1 
[SO] -1/-1 
[SO] -1/-1 
[SO] 38/42 Biblioteca em C - pthread
[SO] -1/-1 
[SO] -1/-1 
[SO] -1/-1 
[SO] -1/-1 
[SO] 39/42 Exemplo threads em C - exemplo1
[SO] 40/42 Exemplo threads em C - exemplo2
[SO] 41/42 Exemplo threads em C - exemplo3
[SO] 42/42 
[SO] resultado={'seconds': 1907.6, 'calls': {}, 'failed_entries': [], 'completed': True}
