[CG] inventario=86 tipos={'html': 48, 'pdf': 21, 'zip': 14, 'code': 3} metadata=['contents.json', '.moodle_nomes.json']
[CG] 0/86 intro
[CG] 1/86 OrigensDaComputacaoGrafica
[CG] -1/-1 
[CG] -1/-1 
[CG] -1/-1 
[CG] -1/-1 
[CG] 2/86 pagina-com-videos-sobre-segmentacao-de-imagens-d0627f
[CG] 3/86 pagina-com-videos-sobre-segmentacao-por-texturas-e03566
[CG] 4/86 Segmentacao.pptx
[CG] -1/-1 
[CG] -1/-1 
[CG] -1/-1 
[CG] -1/-1 
[CG] 5/86 SegmentacaoDeTexturas
[CG] -1/-1 
[CG] -1/-1 
[CG] -1/-1 
[CG] -1/-1 
[CG] 6/86 MorfologiaMatematica.pptx
[CG] -1/-1 
[CG] -1/-1 
[CG] -1/-1 
[CG] -1/-1 
[CG] 7/86 pagina-com-videos-sobre-morfologia-matematica-06265a
[CG] 8/86 CSG
[CG] -1/-1 
[CG] -1/-1 
[CG] -1/-1 
[CG] -1/-1 
[CG] 9/86 Modelagem3D
Datalab falhou em Wireframe1.gif (modelagem3d): REDE BLOQUEADA: cru desde as fontes
Datalab falhou em ToroidePorVoxels.jpg (modelagem3d): REDE BLOQUEADA: cru desde as fontes
Datalab falhou em Quadtree.jpg (modelagem3d): REDE BLOQUEADA: cru desde as fontes
Datalab falhou em CadeiraJustaposicao.jpg (modelagem3d): REDE BLOQUEADA: cru desde as fontes
Datalab falhou em MesaCadeiraJustaposicao.jpg (modelagem3d): REDE BLOQUEADA: cru desde as fontes
Datalab falhou em Csg1.jpg (modelagem3d): REDE BLOQUEADA: cru desde as fontes
Datalab falhou em Extrusao1.gif (modelagem3d): REDE BLOQUEADA: cru desde as fontes
Datalab falhou em Extrusao2.gif (modelagem3d): REDE BLOQUEADA: cru desde as fontes
Datalab falhou em SweepRot1.gif (modelagem3d): REDE BLOQUEADA: cru desde as fontes
Datalab falhou em SweepRot2.jpg (modelagem3d): REDE BLOQUEADA: cru desde as fontes
Datalab falhou em SecoesPlanas1.jpg (modelagem3d): REDE BLOQUEADA: cru desde as fontes
[CG] 10/86 paginas-com-videos-sobre-modelagem-geometrica-f2614a
[CG] 11/86 atividade
[CG] 12/86 Basico3D-PY
[CG] 13/86 OpenGL3D
Datalab falhou em image001.png (opengl3d): REDE BLOQUEADA: cru desde as fontes
Datalab falhou em RightHand.jpg (opengl3d): REDE BLOQUEADA: cru desde as fontes
Datalab falhou em LeftHand.jpg (opengl3d): REDE BLOQUEADA: cru desde as fontes
Datalab falhou em Cenario.png (opengl3d): REDE BLOQUEADA: cru desde as fontes
Datalab falhou em CubosEmParalela.png (opengl3d): REDE BLOQUEADA: cru desde as fontes
Datalab falhou em CubosEmPerspectiva.png (opengl3d): REDE BLOQUEADA: cru desde as fontes
[CG] 14/86 OpenGL3DCPP-VDI
[CG] 15/86 OpenGL3DCPP
[CG] 16/86 pagina-com-videos-sobre-visualizacao-3d-35a833
[CG] 17/86 Vis3d
Datalab falhou em ProjOrtografica.png (vis3d): REDE BLOQUEADA: cru desde as fontes
Datalab falhou em ProjPerpectiva.png (vis3d): REDE BLOQUEADA: cru desde as fontes
Datalab falhou em image016.jpg (vis3d): REDE BLOQUEADA: cru desde as fontes
Datalab falhou em perspectiva2.png (vis3d): REDE BLOQUEADA: cru desde as fontes
Datalab falhou em image037.jpg (vis3d): REDE BLOQUEADA: cru desde as fontes
Datalab falhou em image031.jpg (vis3d): REDE BLOQUEADA: cru desde as fontes
Datalab falhou em image032.jpg (vis3d): REDE BLOQUEADA: cru desde as fontes
Datalab falhou em image033.jpg (vis3d): REDE BLOQUEADA: cru desde as fontes
Datalab falhou em image034.jpg (vis3d): REDE BLOQUEADA: cru desde as fontes
Datalab falhou em image038.jpg (vis3d): REDE BLOQUEADA: cru desde as fontes
Datalab falhou em VetorAlvo1.gif (vis3d): REDE BLOQUEADA: cru desde as fontes
Datalab falhou em CalculoDeU.png (vis3d): REDE BLOQUEADA: cru desde as fontes
Datalab falhou em VersorDeU.png (vis3d): REDE BLOQUEADA: cru desde as fontes
Datalab falhou em image040.jpg (vis3d): REDE BLOQUEADA: cru desde as fontes
[CG] 18/86 Basico3D-CPP
[CG] 19/86 Basico3D-PY
Entry id collision: basico3d-py -> basico3d-py-zip (ext=zip folder=14 - Exercícios sobre Modelagem Geométrica)
[CG] 20/86 ExercicioDeModelagem
[CG] -1/-1 
[CG] -1/-1 
[CG] -1/-1 
[CG] -1/-1 
[CG] 21/86 ElemOculto
[CG] -1/-1 
[CG] -1/-1 
[CG] -1/-1 
[CG] -1/-1 
[CG] 22/86 ExemploZbuffer
[CG] -1/-1 
[CG] -1/-1 
[CG] -1/-1 
[CG] -1/-1 
[CG] 23/86 pagina-com-videos-sobre-remocao-de-elementos-ocultos-20c34a
[CG] 24/86 Iluminacao
Datalab falhou em image002.png (iluminacao): REDE BLOQUEADA: cru desde as fontes
Datalab falhou em Image38.gif (iluminacao): REDE BLOQUEADA: cru desde as fontes
Datalab falhou em Image39.gif (iluminacao): REDE BLOQUEADA: cru desde as fontes
Datalab falhou em Image40.gif (iluminacao): REDE BLOQUEADA: cru desde as fontes
Datalab falhou em Image41.gif (iluminacao): REDE BLOQUEADA: cru desde as fontes
Datalab falhou em Image42.gif (iluminacao): REDE BLOQUEADA: cru desde as fontes
Datalab falhou em Image43.gif (iluminacao): REDE BLOQUEADA: cru desde as fontes
Datalab falhou em Image44.gif (iluminacao): REDE BLOQUEADA: cru desde as fontes
Datalab falhou em Image45.gif (iluminacao): REDE BLOQUEADA: cru desde as fontes
Datalab falhou em Phong_components_version_4.png (iluminacao): REDE BLOQUEADA: cru desde as fontes
Datalab falhou em Image46.gif (iluminacao): REDE BLOQUEADA: cru desde as fontes
Datalab falhou em FlatShading.png (iluminacao): REDE BLOQUEADA: cru desde as fontes
Datalab falhou em image010.png (iluminacao): REDE BLOQUEADA: cru desde as fontes
Datalab falhou em Image47.gif (iluminacao): REDE BLOQUEADA: cru desde as fontes
Datalab falhou em Image57.gif (iluminacao): REDE BLOQUEADA: cru desde as fontes
Datalab falhou em Image49.gif (iluminacao): REDE BLOQUEADA: cru desde as fontes
Datalab falhou em image012.png (iluminacao): REDE BLOQUEADA: cru desde as fontes
Datalab falhou em Image50.gif (iluminacao): REDE BLOQUEADA: cru desde as fontes
Datalab falhou em image014.png (iluminacao): REDE BLOQUEADA: cru desde as fontes
Datalab falhou em Gouraud_Phong_01.jpg (iluminacao): REDE BLOQUEADA: cru desde as fontes
Datalab falhou em RayTracingEsferas1.jpg (iluminacao): REDE BLOQUEADA: cru desde as fontes
Datalab falhou em RayTracing1.png (iluminacao): REDE BLOQUEADA: cru desde as fontes
Datalab falhou em TyFj.gif (iluminacao): REDE BLOQUEADA: cru desde as fontes
[CG] 25/86 pagina-com-videos-sobre-sintese-de-imagens-realisticas-a6d9ea
[CG] 26/86 ProgramaBasico3D
[CG] 27/86 MapTextures
[CG] 28/86 pagina-com-videos-sobre-mapeamento-de-texturas-07bbe3
[CG] 29/86 exercicios
[CG] 30/86 OpenGL-CPP
[CG] 31/86 OpenGL-PY
[CG] 32/86 OpenGLBasico
[CG] -1/-1 
[CG] -1/-1 
[CG] -1/-1 
[CG] -1/-1 
[CG] 33/86 Texturas_v3
[CG] 34/86 ExemploDeManipulacaoDeImagens
[CG] 35/86 exercicio-com-animacao
[CG] 36/86 exercicio-com-poligonos
[CG] 37/86 exercicio-de-animacao-foguete
[CG] 38/86 FundamentosMatematicos
[CG] -1/-1 
[CG] -1/-1 
[CG] -1/-1 
[CG] -1/-1 
  [latex-check] LaTeX possivelmente corrompido em FundamentosMatematicos (score: 30/100).
[CG] 39/86 Matematica
[CG] 40/86 pagina-com-videos-sobre-fundamentos-matematicos-para-computacao-g
[CG] 41/86 Colisao
[CG] -1/-1 
[CG] -1/-1 
[CG] -1/-1 
[CG] -1/-1 
