Computacao-Grafica-Tutor: aliases=59/59
  .tag_catalog.json: campos_diferentes=[]
  .semantic_profile.generated.json: campos_diferentes=[]
  manifest.auto_tags: 0 alteracoes
  manifest.computed_unit_slug: 0 alteracoes
  manifest.computed_subunit_slug: 0 alteracoes
  manifest.temporal_block_id: 0 alteracoes
Engenharia-Software-2-Tutor: aliases=21/21
  .tag_catalog.json: campos_diferentes=[]
  .semantic_profile.generated.json: campos_diferentes=[]
  manifest.auto_tags: 0 alteracoes
  manifest.computed_unit_slug: 0 alteracoes
  manifest.computed_subunit_slug: 0 alteracoes
  manifest.temporal_block_id: 0 alteracoes
Fundamentos-de-Redes-Tutor: aliases=32/32
  .tag_catalog.json: campos_diferentes=[]
  .semantic_profile.generated.json: campos_diferentes=[]
  manifest.auto_tags: 0 alteracoes
  manifest.computed_unit_slug: 0 alteracoes
  manifest.computed_subunit_slug: 0 alteracoes
  manifest.temporal_block_id: 0 alteracoes
Inteligencia-Artifical-Tutor: aliases=20/20
  .tag_catalog.json: campos_diferentes=[]
  .semantic_profile.generated.json: campos_diferentes=[]
  manifest.auto_tags: 0 alteracoes
  manifest.computed_unit_slug: 0 alteracoes
  manifest.computed_subunit_slug: 0 alteracoes
  manifest.temporal_block_id: 0 alteracoes
Metodos-Formais-Tutor: aliases=23/23
  .tag_catalog.json: campos_diferentes=[]
  .semantic_profile.generated.json: campos_diferentes=[]
  manifest.auto_tags: 0 alteracoes
  manifest.computed_unit_slug: 0 alteracoes
  manifest.computed_subunit_slug: 0 alteracoes
  manifest.temporal_block_id: 0 alteracoes
Sistemas-Operacionais-Tutor: aliases=36/36
  .tag_catalog.json: campos_diferentes=[]
  .semantic_profile.generated.json: campos_diferentes=[]
  manifest.auto_tags: 0 alteracoes
  manifest.computed_unit_slug: 0 alteracoes
  manifest.computed_subunit_slug: 0 alteracoes
  manifest.temporal_block_id: 0 alteracoes
TCC-Tutor: aliases=26/26
  .tag_catalog.json: campos_diferentes=[]
  .semantic_profile.generated.json: campos_diferentes=[]
  manifest.auto_tags: 0 alteracoes
  manifest.computed_unit_slug: 0 alteracoes
  manifest.computed_subunit_slug: 0 alteracoes
  manifest.temporal_block_id: 0 alteracoes
