[vazia                   ] intro                                  cat=outros         txt=   777 unit=-processamento-grafico pred=-                        (0.00) gold=conceitos                (0.00) | top: origens=0.00 · conceitos=0.00 · areas-relacionadas=0.00 | aliases do gold no texto: []
[confiante               ] morfologiamatematicapptx               cat=material-de-au txt=  6717 unit=sso-de-visualizacao-3d pred=a-das-projecoes-planares (10.39) gold=segmentacao              (0.00) | top: a-matematica-das-proje=10.39 · conceito-de-camera-sin=0.91 · perspectiva=0.02 | aliases do gold no texto: []
[confiante               ] basico3d-py                            cat=codigo-profess txt=   454 unit=sso-de-visualizacao-3d pred=perspectiva              (8.98) gold=eito-de-camera-sintetica (4.46) | top: perspectiva=8.98 · conceito-de-camera-sin=4.46 · projecoes=3.45 | aliases do gold no texto: ['Câmera Sintética']
[ambigua                 ] opengl3dcpp                            cat=codigo-profess txt=   661 unit=sso-de-visualizacao-3d pred=perspectiva              (8.98) gold=eito-de-camera-sintetica (1.04) | top: perspectiva=8.98 · projecoes=8.94 · conceito-de-camera-sin=1.04 | aliases do gold no texto: []
[ambigua                 ] basico3d-cpp                           cat=codigo-profess txt=   611 unit=e-modelagem-de-objetos pred=o-de-curvas-parametricas (0.94) gold=tecnicas-de-modelagem-3d (0.91) | top: representacao-de-curva=0.94 · tecnicas-de-modelagem-=0.91 · bezier-e-algoritmo-de-=0.12 | aliases do gold no texto: []
[gold-vazio-preenchido   ] exercicios                             cat=listas         txt=   456 unit=-processamento-grafico pred=conceitos                (7.32) gold=(vazio)                  (0.00) | top: conceitos=7.32 · origens=0.00 · areas-relacionadas=0.00 | aliases do gold no texto: []
[gold-vazio-preenchido   ] opengl-cpp                             cat=codigo-profess txt=   626 unit=-processamento-grafico pred=conceitos                (13.68) gold=(vazio)                  (0.00) | top: conceitos=13.68 · origens=0.00 · areas-relacionadas=0.00 | aliases do gold no texto: []
[gold-vazio-preenchido   ] opengl-py                              cat=codigo-profess txt=   598 unit=-processamento-grafico pred=conceitos                (10.08) gold=(vazio)                  (0.00) | top: conceitos=10.08 · origens=0.00 · areas-relacionadas=0.00 | aliases do gold no texto: []
[gold-vazio-preenchido   ] openglbasico                           cat=outros         txt= 19931 unit=-processamento-grafico pred=conceitos                (7.24) gold=(vazio)                  (0.00) | top: conceitos=7.24 · aplicacoes=2.00 · origens=0.11 | aliases do gold no texto: []
[vazia                   ] exercicio-com-animacao                 cat=listas         txt=   539 unit=undamentos-matematicos pred=-                        (0.00) gold=operacoes-com-vetores    (0.14) | top: entidades-geometricas=3.53 · algoritmos-de-poligono=3.53 · operacoes-com-vetores=0.14 | aliases do gold no texto: []
[gold-vazio-preenchido   ] animacao-v2                            cat=codigo-profess txt= 11595 unit=sso-de-visualizacao-2d pred=desenho-de-linhas        (1.35) gold=(vazio)                  (0.00) | top: desenho-de-linhas=1.35 · sistema-de-coordenadas=1.04 · recorte=0.12 | aliases do gold no texto: []
[confiante               ] exercicios-teoricos-sobre-processo-de- cat=listas         txt=   918 unit=sso-de-visualizacao-2d pred=desenho-de-linhas        (1.41) gold=-coordenadas-cartesianas (0.00) | top: desenho-de-linhas=1.41 · 2d-3d-mao-direita-e-ma=0.99 · recorte=0.02 | aliases do gold no texto: []
[gold-vazio-preenchido   ] instanciamento                         cat=outros         txt= 14613 unit=sso-de-visualizacao-2d pred=o-direita-e-mao-esquerda (8.29) gold=(vazio)                  (0.00) | top: 2d-3d-mao-direita-e-ma=8.29 · sistema-de-coordenadas=6.13 · recorte=0.14 | aliases do gold no texto: []
[gold-vazio-preenchido   ] pagina-com-videos-sobre-instanciamento cat=outros         txt=  9822 unit=sso-de-visualizacao-2d pred=desenho-de-linhas        (1.35) gold=(vazio)                  (0.00) | top: desenho-de-linhas=1.35 · sistema-de-coordenadas=0.12 · recorte=0.02 | aliases do gold no texto: []
[gold-vazio-preenchido   ] transformacoesgl                       cat=outros         txt=  3616 unit=sso-de-visualizacao-2d pred=-coordenadas-cartesianas (0.91) gold=(vazio)                  (0.00) | top: sistema-de-coordenadas=0.91 · recorte=0.02 · preenchimento-de-polig=0.02 | aliases do gold no texto: []
[vazia                   ] bezier-animacao                        cat=codigo-profess txt=   513 unit=e-modelagem-de-objetos pred=-                        (0.00) gold=e-algoritmo-de-casteljau (0.12) | top: representacao-de-curva=0.12 · bezier-e-algoritmo-de-=0.12 · vetorial-ou-matricial=0.02 | aliases do gold no texto: []
[vazia                   ] bezier-cpp                             cat=codigo-profess txt=   519 unit=e-modelagem-de-objetos pred=-                        (0.00) gold=e-algoritmo-de-casteljau (0.12) | top: representacao-de-curva=0.12 · bezier-e-algoritmo-de-=0.12 · vetorial-ou-matricial=0.02 | aliases do gold no texto: []
[vazia                   ] bezier-py                              cat=codigo-profess txt=   552 unit=e-modelagem-de-objetos pred=-                        (0.00) gold=e-algoritmo-de-casteljau (0.12) | top: representacao-de-curva=0.12 · bezier-e-algoritmo-de-=0.12 · vetorial-ou-matricial=0.02 | aliases do gold no texto: []
[vazia                   ] bezier-python                          cat=codigo-profess txt=   561 unit=e-modelagem-de-objetos pred=-                        (0.00) gold=e-algoritmo-de-casteljau (0.12) | top: representacao-de-curva=0.12 · bezier-e-algoritmo-de-=0.12 · tecnicas-de-modelagem-=0.11 | aliases do gold no texto: []
[vazia                   ] curvasparametricas                     cat=material-de-au txt= 23687 unit=e-modelagem-de-objetos pred=-                        (0.00) gold=o-de-curvas-parametricas (2.32) | top: hermite=6.44 · b-spline=6.44 · representacao-de-curva=2.32 | aliases do gold no texto: []
[confiante               ] exercicios-sobre-curvas                cat=listas         txt=  1148 unit=e-modelagem-de-objetos pred=hermite                  (4.92) gold=catmull-rom              (4.27) | top: hermite=4.92 · catmull-rom=4.27 · representacao-de-curva=0.16 | aliases do gold no texto: ['Catmull-Rom']
[confiante               ] exercicios-de-geometria-computacional  cat=listas         txt=   722 unit=undamentos-matematicos pred=entidades-geometricas    (7.74) gold=-geometria-computacional (0.96) | top: entidades-geometricas=7.74 · algoritmos-de-geometri=0.96 · algoritmos-de-poligono=0.14 | aliases do gold no texto: []
[confiante               ] exercicios-sobre-curvas-html           cat=listas         txt=  1148 unit=e-modelagem-de-objetos pred=hermite                  (4.92) gold=catmull-rom              (4.27) | top: hermite=4.92 · catmull-rom=4.27 · representacao-de-curva=0.16 | aliases do gold no texto: ['Catmull-Rom']
[confiante               ] exercicios-teoricos-sobre-processo-de- cat=listas         txt=   918 unit=sso-de-visualizacao-2d pred=desenho-de-linhas        (1.41) gold=-coordenadas-cartesianas (0.00) | top: desenho-de-linhas=1.41 · 2d-3d-mao-direita-e-ma=0.99 · recorte=0.02 | aliases do gold no texto: []
[confiante               ] domina                                 cat=outros         txt=  2013 unit=undamentos-matematicos pred=entidades-geometricas    (3.45) gold=-geometria-computacional (0.91) | top: entidades-geometricas=3.45 · algoritmos-de-geometri=0.91 · algoritmos-de-poligono=0.12 | aliases do gold no texto: []
[vazia                   ] exercicioduascores                     cat=listas         txt=   740 unit=-e-visao-computacional pred=-                        (0.00) gold=quantizacao-e-amostragem (0.00) | top: segmentacao=0.14 · cores-e-tipos-de-image=0.14 · visao-computacional-e-=0.00 | aliases do gold no texto: []
[gold-vazio-preenchido+LOGIN] video-com-instrucoes-para-usar-opengl- cat=references     txt=   419 unit=-processamento-grafico pred=conceitos                (7.24) gold=(vazio)                  (0.00) | top: conceitos=7.24 · origens=0.00 · areas-relacionadas=0.00 | aliases do gold no texto: []
[vazia+LOGIN             ] pagina-com-videos-sobre-fundamentos-ma cat=references     txt=  2546 unit=undamentos-matematicos pred=-                        (0.00) gold=entidades-geometricas    (0.00) | top: operacoes-com-vetores=0.00 · entidades-geometricas=0.00 · algoritmos-de-poligono=0.00 | aliases do gold no texto: []
[vazia+LOGIN             ] videos-sobre-algoritmos-de-detecao-de- cat=references     txt=  2520 unit=undamentos-matematicos pred=-                        (0.00) gold=e-calculo-de-interseccao (0.00) | top: operacoes-com-vetores=0.00 · entidades-geometricas=0.00 · algoritmos-de-poligono=0.00 | aliases do gold no texto: []
[fraca                   ] video-sobre-mapeamento-em-opengl-1dad3 cat=references     txt=   397 unit=sso-de-visualizacao-2d pred=o-direita-e-mao-esquerda (0.12) gold=-coordenadas-cartesianas (0.00) | top: 2d-3d-mao-direita-e-ma=0.12 · recorte=0.02 · preenchimento-de-polig=0.02 | aliases do gold no texto: []
[vazia+LOGIN             ] pagina-com-videos-sobre-introducao-ao- cat=references     txt=  2537 unit=-e-visao-computacional pred=-                        (0.00) gold=e-exemplos-de-aplicacoes (0.12) | top: introducao-e-exemplos-=0.12 · cores-e-tipos-de-image=0.12 · visao-computacional-e-=0.00 | aliases do gold no texto: []
  !! harness='' gravado='a-matematica-das-projecoes-planares' aula-gravada-975b85 ['empate-exato 7x score=0.02']
[vazia                   ] aula-gravada-975b85                    cat=references     txt=   351 unit=sso-de-visualizacao-3d pred=-                        (0.00) gold=segmentacao              (0.00) | top: perspectiva=0.02 · paralela=0.02 · eliminacao-de-faces-tr=0.02 | aliases do gold no texto: []
[confiante+LOGIN         ] pagina-com-videos-sobre-morfologia-mat cat=references     txt=  2520 unit=sso-de-visualizacao-3d pred=a-das-projecoes-planares (10.39) gold=segmentacao              (0.00) | top: a-matematica-das-proje=10.39 · perspectiva=0.02 · paralela=0.02 | aliases do gold no texto: []

CG: certo 49/82 · causas: {'vazia': 9, 'confiante': 8, 'gold-vazio-preenchido': 8, 'vazia+LOGIN': 3, 'ambigua': 2, 'gold-vazio-preenchido+LOGIN': 1, 'fraca': 1, 'confiante+LOGIN': 1}
   vazia: ['intro', 'exercicio-com-animacao', 'bezier-animacao', 'bezier-cpp', 'bezier-py', 'bezier-python', 'curvasparametricas', 'exercicioduascores', 'aula-gravada-975b85']
   confiante: ['morfologiamatematicapptx', 'basico3d-py', 'exercicios-teoricos-sobre-processo-de-visualizacao-2d', 'exercicios-sobre-curvas', 'exercicios-de-geometria-computacional', 'exercicios-sobre-curvas-html', 'exercicios-teoricos-sobre-processo-de-visualizacao-2d-html', 'domina']
   ambigua: ['opengl3dcpp', 'basico3d-cpp']
   gold-vazio-preenchido: ['exercicios', 'opengl-cpp', 'opengl-py', 'openglbasico', 'animacao-v2', 'instanciamento', 'pagina-com-videos-sobre-instanciamento', 'transformacoesgl']
   gold-vazio-preenchido+LOGIN: ['video-com-instrucoes-para-usar-opengl-na-vdi-da-pucrs-3a8758']
   vazia+LOGIN: ['pagina-com-videos-sobre-fundamentos-matematicos-para-computacao-grafica-d1d4a9', 'videos-sobre-algoritmos-de-detecao-de-colisao-bd7d84', 'pagina-com-videos-sobre-introducao-ao-processamento-de-imagens-61f156']
   fraca: ['video-sobre-mapeamento-em-opengl-1dad3c']
   confiante+LOGIN: ['pagina-com-videos-sobre-morfologia-matematica-06265a']
