curso material                                       tipo  categoria        predito                        gold                           conf score  revisar unidade   (12/09b: + curadoria E4 curvas CG e E5 gateway ES2)
MF   archive-of-formal-proofs-355fb8                url   references       abordagens-para-verificacao-fo provadores-de-teoremas         0.30 16.31  ok      unidade-01-metodos-forma
MF   exemplos                                       code  codigo-professor exemplos-de-aplicacoes         provadores-de-teoremas         0.67 13.74  ok      unidade-01-metodos-forma
MF   tiposindutivos                                 zip   codigo-professor verificacao-de-programas       softwares-de-suporte-a-verific 0.86 0.12   ok      unidade-02-verificacao-d
== MF 55/58
== SO 15/15
IA   exemplo-de-programa-com-k-nn-em-java           zip   codigo-professor introducao-ao-aprendizado-de-m modelos-preditivos             0.12 12.10  duvida  unidade-de-aprendizagem-
IA   mlp-xoripynb                                   code  codigo-professor (vazio)                        modelos-preditivos             0.00 -      duvida  unidade-de-aprendizagem-
IA   aula-sobre-agrupamento-parte-2-hierarquico     pdf   material-de-aula introducao-ao-aprendizado-de-m modelos-descritivos            0.03 21.08  duvida  unidade-de-aprendizagem-
== IA 36/39
ES2  microsservicos2                                pdf   material-de-aula orientada-a-microsservicos     estudo-de-caso-arquitetura-ori 0.51 30.69  ok      unidade-01-arquitetura-d
ES2  microsservicos3                                pdf   material-de-aula estilos-e-padroes-arquiteturai estudo-de-caso-arquitetura-ori 0.19 15.05  ok      unidade-01-arquitetura-d
== ES2 26/28
TCC  aula-06-revisao-alfabeto-cadeia-linguagem-hier pdf   material-de-aula maquinas-de-turing             (vazio)                        0.43 20.54  ok      unidade-02-turing-comput
== TCC 10/11
CG   basico3d-py                                    zip   codigo-professor perspectiva                    conceito-de-camera-sintetica   0.62 8.98   ok      unidade-06-processo-de-v
CG   opengl3dcpp-vdi                                zip   codigo-professor paralela                       conceito-de-camera-sintetica   0.28 12.40  mudou   unidade-06-processo-de-v
CG   opengl3dcpp                                    zip   codigo-professor paralela                       conceito-de-camera-sintetica   0.28 12.40  mudou   unidade-06-processo-de-v
CG   programabasico3d                               code  codigo-professor metodos-de-sombreamento-flat-g modelos-de-reflexao-ambiente-d 0.67 3.45   ok      unidade-08-sintese-de-im
CG   exercicio-com-animacao                         html  listas           (vazio)                        operacoes-com-vetores          0.00 -      duvida  unidade-02-fundamentos-m
CG   animacao-v2                                    zip   codigo-professor desenho-de-linhas              (vazio)                        0.23 1.35   duvida  unidade-04-processo-de-v
CG   exercicios-teoricos-sobre-processo-de-visualiz html  listas           desenho-de-linhas              sistema-de-coordenadas-cartesi 0.30 1.41   ok      unidade-04-processo-de-v
CG   instanciamento                                 pdf   outros           2d-3d-mao-direita-e-mao-esquer (vazio)                        0.26 8.29   mudou   unidade-04-processo-de-v
CG   pagina-com-videos-sobre-instanciamento         html  outros           desenho-de-linhas              (vazio)                        0.91 1.35   ok      unidade-04-processo-de-v
CG   transformacoesgeometricas                      zip   codigo-professor desenho-de-linhas              (vazio)                        0.14 0.12   duvida  unidade-04-processo-de-v
CG   transformacoesgl                               html  outros           sistema-de-coordenadas-cartesi (vazio)                        0.98 0.91   duvida  unidade-04-processo-de-v
CG   exercicios-teoricos-sobre-processo-de-visualiz html  listas           desenho-de-linhas              sistema-de-coordenadas-cartesi 0.30 1.41   ok      unidade-04-processo-de-v
CG   pagina-com-videos-sobre-fundamentos-matematico html  references       algoritmos-de-poligonos        entidades-geometricas          0.42 18.93  ok      unidade-02-fundamentos-m
CG   pagina-com-videos-sobre-mapeamento-9f410e      html  references       (vazio)                        sistema-de-coordenadas-cartesi 0.00 -      duvida  unidade-04-processo-de-v
CG   video-sobre-mapeamento-em-opengl-1dad3c        url   references       2d-3d-mao-direita-e-mao-esquer sistema-de-coordenadas-cartesi 0.86 0.14   duvida  unidade-04-processo-de-v
CG   pagina-com-videos-sobre-manipulacao-de-imagens html  references       segmentacao                    cores-e-tipos-de-imagens       0.77 4.46   ok      unidade-03-processamento
CG   paginas-com-videos-sobre-modelagem-geometrica- html  references       geometria-solida-construtiva-c tecnicas-de-modelagem-3d       0.33 8.58   ok      unidade-07-representacao
CG   pagina-com-videos-sobre-visualizacao-3d-35a833 html  references       paralela                       pipeline-de-visualizacao-3d    0.28 12.40  ok      unidade-06-processo-de-v
== CG 64/82
== FR 18/18
TOTAL [224, 251]
