       topicos  sinonimos    df  outro  boiler  disperso
SO           3         11    30     19       4        19
        6.2.1 Paginação                              <- ['about', 'laminas', 'livro', 'logica', 'segmentos', 'versus']
        1.1 Serviços dos sistemas operacionais       <- ['abstrata', 'fato']
        7.1 Arquivos                                 <- ['laminas', 'massa', 'mecanico']
IA           2         21    41      6      10        42
        Algoritmos de Busca com Informação           <- ['aluna', 'barabstract', 'braid', 'capitulo', 'cargas', 'chiara', 'crosseovers', 'crossover', 'demo']
        Introdução ao aprendizado de máquina         <- ['exploratoria', 'java']
ES2          1         21    53     11       3        13
        2.7 Estudo de Caso: integração e implantação <- ['alternativo', 'ativando', 'buildpacks', 'cadastro', 'circuitbreaker', 'colocando', 'conteiners', 'conversor', 'education']
TCC          3          7    43     18       2         8
        4.3 Hierarquia de Classes de Complexidade de <- ['classicos', 'detalhado', 'mensagem']
        2.1 Máquinas de Turing                       <- ['lemas', 'visoes']
        3.4 Teoremas de Gödel                        <- ['desfechos', 'revisitado']
MF           2         11     4     14       1         3
        1.2.3 Especificação de Funções Recursivas    <- ['especificacoesrecursivas', 'exercicioscorrecaoinducaomatematica', 'exerciciosisabelle', 'generalizada', 'indutivas', 'intro', 'provasindutivas']
        1.3.1 Verificação de Modelos (Model Checking <- ['exercicioslogicatemporal', 'exerciciosnusmv', 'ferramenta', 'verificacaomodelos']
CG           6         24    34     15      18        28
        1.1 Origens                                  <- ['communication', 'graphical', 'intro', 'machine', 'origensdacomputacaografica']
        3.5 Segmentação                              <- ['aritmetica', 'editado', 'elaborado', 'pedro', 'revisado', 'segmentacaodetexturas', 'texto', 'xerxenesky']
        6.4 Algoritmos de Remoção de Elementos Ocult <- ['elemoculto', 'exemplozbuffer']
        1.2 Conceitos                                <- ['instrucoes', 'introdutorio', 'preliminares', 'tutorial']
        2.5 Algoritmos de Geometria Computacional    <- ['domina', 'geomcomp', 'planesweep', 'slab']
        7.1.1 Representação de Curvas Paramétricas   <- ['curvasparametricas']
LR           1          2    18      0       2         0
        HTTP e HTTPS                                 <- ['cabecalhos', 'cookies']
FR           1          2     5     12       0         3
        4.2.2 Endereçamento                          <- ['aprendizado', 'enquadramento']
