233 scorable -> 195/233

POR TAMANHO DO TEXTO QUE O MOTOR PONTUA
   grupo                           n  certos     %  erros por curso
   0-500 chars                    24      15   62%  {'CG': 5, 'MF': 4}
   500-1500 chars                 50      36   72%  {'CG': 10, 'ES2': 2, 'MF': 2}
   1500-3000 chars                33      29   88%  {'CG': 3, 'MF': 1}
   3000-8000 chars                37      36   97%  {'CG': 1}
   8000-20000 chars               46      39   85%  {'CG': 5, 'ES2': 2}
   20000-+ chars                  43      40   93%  {'ES2': 3}

POR CATEGORIA
   grupo                           n  certos     %  erros por curso
   material-de-aula               75      70   93%  {'ES2': 5}
   codigo-professor               73      59   81%  {'MF': 6, 'CG': 6, 'ES2': 2}
   listas                         34      28   82%  {'CG': 6}
   references                     23      14   61%  {'CG': 8, 'MF': 1}
   outros                         22      18   82%  {'CG': 4}
   gabaritos                       3       3  100%  
   bibliografia                    2       2  100%  
   trabalhos                       1       1  100%  

POR EXTENSAO / FONTE
   grupo                           n  certos     %  erros por curso
   .pdf                          109     102   94%  {'ES2': 5, 'CG': 2}
   .html                          37      23   62%  {'CG': 14}
   .zip                           35      23   66%  {'MF': 5, 'CG': 5, 'ES2': 2}
   .ipynb                         24      24  100%  
   .c                              7       7  100%  
   (sem arquivo)                   7       5   71%  {'CG': 2}
   .htm                            6       6  100%  
   .thy                            5       4   80%  {'MF': 1}
   .cpp                            2       1   50%  {'CG': 1}
   .org                            1       0    0%  {'MF': 1}

VIDEO (url youtube ou id com 'video')
   grupo                           n  certos     %  erros por curso
   nao-video                     211     182   86%  {'CG': 15, 'ES2': 7, 'MF': 7}
   video                          22      13   59%  {'CG': 9}

APROVADO NO CURATOR STUDIO
   grupo                           n  certos     %  erros por curso
   aprovado                      133     124   93%  {'ES2': 5, 'MF': 2, 'CG': 2}
   staging                       100      71   71%  {'CG': 22, 'MF': 5, 'ES2': 2}

CG isolado: tamanho
   grupo                           n  certos     %  erros por curso
   0-500 chars                    15      10   67%  {'CG': 5}
   500-1500 chars                 29      19   66%  {'CG': 10}
   1500-3000 chars                11       8   73%  {'CG': 3}
   3000-8000 chars                 7       6   86%  {'CG': 1}
   8000-20000 chars               16      11   69%  {'CG': 5}
   20000-+ chars                   4       4  100%  
