curso material                                       bloco decidiu                      texto queria                       gold                               veredito
CG    morfologiamatematicapptx                       unidade-03-processamento-de-imagen unidade-06-processo-de-visualizaca (sem gold)                         -
CG    basico3d-py-zip                                unidade-07-representacao-e-modelag unidade-06-processo-de-visualizaca (sem gold)                         -
CG    programabasico3d                               unidade-08-sintese-de-imagens-real unidade-06-processo-de-visualizaca (sem gold)                         -
CG    exercicios                                     unidade-02-fundamentos-matematicos unidade-04-processo-de-visualizaca (sem gold)                         -
CG    exercicio-de-animacao-foguete                  unidade-02-fundamentos-matematicos unidade-04-processo-de-visualizaca (sem gold)                         -
CG    matematica                                     unidade-02-fundamentos-matematicos unidade-06-processo-de-visualizaca (sem gold)                         -
CG    transformacoesgeometricas                      unidade-04-processo-de-visualizaca unidade-01-introducao-ao-processam (sem gold)                         -
CG    transformacoesgl                               unidade-04-processo-de-visualizaca unidade-02-fundamentos-matematicos (sem gold)                         -
CG    bezier-cpp                                     unidade-07-representacao-e-modelag unidade-01-introducao-ao-processam (sem gold)                         -
CG    bezier-py                                      unidade-07-representacao-e-modelag unidade-01-introducao-ao-processam (sem gold)                         -
CG    bezier-python                                  unidade-07-representacao-e-modelag unidade-02-fundamentos-matematicos (sem gold)                         -
CG    video-sobre-prechimento-de-areas-duracao-330-d unidade-03-processamento-de-imagen unidade-01-introducao-ao-processam (sem gold)                         -
CG    pagina-com-videos-sobre-morfologia-matematica- unidade-03-processamento-de-imagen unidade-06-processo-de-visualizaca (sem gold)                         -
CG    pagina-com-videos-sobre-mapeamento-de-texturas unidade-04-processo-de-visualizaca unidade-08-sintese-de-imagens-real (sem gold)                         -
ES2   microsservicos7                                unidade-02-integracao-de-desenvolv unidade-01-arquitetura-de-software unidade-02-integracao-de-desenvolv bloco
ES2   roteiro5                                       unidade-02-integracao-de-desenvolv unidade-01-arquitetura-de-software unidade-02-integracao-de-desenvolv bloco
ES2   roteiro6                                       unidade-02-integracao-de-desenvolv unidade-01-arquitetura-de-software (sem gold)                         -
ES2   microsservicos4                                unidade-02-integracao-de-desenvolv unidade-01-arquitetura-de-software unidade-02-integracao-de-desenvolv bloco
ES2   roteiro4                                       unidade-02-integracao-de-desenvolv unidade-01-arquitetura-de-software unidade-02-integracao-de-desenvolv bloco
ES2   revisao-p2                                     unidade-02-integracao-de-desenvolv unidade-01-arquitetura-de-software (sem gold)                         -
ES2   revisao-p2-respostas                           unidade-02-integracao-de-desenvolv unidade-01-arquitetura-de-software (sem gold)                         -
FR    entre-a-origem-e-o-destino-um-panorama-dos-blo unidade-02-nivel-de-aplicacao      unidade-01-introducao-a-redes-de-c (sem gold)                         -
IA    p2-202402                                      unidade-de-aprendizagem-03-racioci unidade-de-aprendizagem-02-solucao (sem gold)                         -
MF    exerciciosformalizacaoalgoritmosrecursao-respo unidade-01-metodos-formais         unidade-02-verificacao-de-programa unidade-01-metodos-formais         bloco
MF    t1-2026-1                                      unidade-02-verificacao-de-programa unidade-01-metodos-formais         unidade-02-verificacao-de-programa bloco
MF    t1-2026-1-thy                                  unidade-02-verificacao-de-programa unidade-01-metodos-formais         unidade-02-verificacao-de-programa bloco
MF    classes-parte1                                 unidade-02-verificacao-de-programa unidade-01-metodos-formais         unidade-02-verificacao-de-programa bloco
MF    colecoes-arrays                                unidade-02-verificacao-de-programa unidade-01-metodos-formais         unidade-02-verificacao-de-programa bloco
MF    colecoes-conjuntos                             unidade-02-verificacao-de-programa unidade-01-metodos-formais         unidade-02-verificacao-de-programa bloco
MF    exercicios-conjuntos                           unidade-02-verificacao-de-programa unidade-03-verificacao-de-modelos  unidade-02-verificacao-de-programa bloco
MF    introducao-zip                                 unidade-02-verificacao-de-programa unidade-01-metodos-formais         unidade-02-verificacao-de-programa bloco
MF    t2-2026-1                                      unidade-03-verificacao-de-modelos  unidade-02-verificacao-de-programa (sem gold)                         -
MF    classes-parte2                                 unidade-02-verificacao-de-programa unidade-01-metodos-formais         unidade-02-verificacao-de-programa bloco
SO    laminas-cs-4244-internet-programming-sockets-p unidade-02-gerencia-do-processador unidade-03-programacao-concorrente unidade-03-programacao-concorrente TEXTO
SO    laminas-sockets-material-alternativo-em-pt     unidade-02-gerencia-do-processador unidade-03-programacao-concorrente unidade-03-programacao-concorrente TEXTO
SO    0704-exemplo-threads-em-java                   unidade-04-deadlock                unidade-03-programacao-concorrente unidade-04-deadlock                bloco
SO    3103-threads                                   unidade-02-gerencia-do-processador unidade-03-programacao-concorrente unidade-02-gerencia-do-processador bloco
SO    biblioteca-em-c-pthread                        unidade-02-gerencia-do-processador unidade-03-programacao-concorrente unidade-02-gerencia-do-processador bloco
SO    exemplo-threads-em-c-exemplo1                  unidade-02-gerencia-do-processador unidade-03-programacao-concorrente unidade-02-gerencia-do-processador bloco
SO    exemplo-threads-em-c-exemplo2                  unidade-02-gerencia-do-processador unidade-03-programacao-concorrente unidade-02-gerencia-do-processador bloco
SO    exercicios-p2                                  unidade-06-gerencia-de-arquivos    unidade-05-gerencia-de-memoria     unidade-06-gerencia-de-arquivos    bloco
TCC   aula-13-teorema-de-rice-pdf                    unidade-03-problemas-indecidiveis  unidade-02-turing-computabilidade  unidade-03-problemas-indecidiveis  bloco
TCC   aula-16-exemplo-de-prova-para-revisao          unidade-03-problemas-indecidiveis  unidade-01-conjuntos-enumeraveis-e (sem gold)                         -

conflitos 43 · com gold de unidade 22 · bloco (decisao atual) certo 20 · texto certo 2
