== SO: A=c0718a5 (ultimo commit ate 08/09) · B=HEAD · C=arvore de trabalho
    SO  subunidade 1205-laminas-gerencia-de-memoria             paginacao              -> politicas-basicas      sem gold
    SO  subunidade exercicios                                   (vazio)                -> algoritmos-de-escalona melhorou
    SO  unidade    lista-exercicios-p1-gabarito                 unidade-03-programacao -> unidade-02-gerencia-do PIOROU
    SO  subunidade lista-exercicios-p1-gabarito                 programas-multithreads -> conceitos-basicos      sem gold
    SO  unidade    lista-exercicios-p1                          unidade-03-programacao -> unidade-02-gerencia-do PIOROU
    SO  subunidade lista-exercicios-p1                          programas-multithreads -> conceitos-basicos      sem gold
    SO  subunidade definicao-e-historico                        servicos-dos-sistemas- -> evolucao-historica     igual p/ gold
    SO  subunidade 1203-processos                               chamadas-de-sistema    -> servicos-dos-sistemas- igual p/ gold
    SO  subunidade 1903-estruturas-de-controle                  escalonamento          -> conceitos-basicos      melhorou
    SO  subunidade 14-04-troca-de-mensagens                     escalonamento          -> conceitos-basicos      sem gold
    SO  subunidade 1404-laminas-ipc                             escalonamento          -> conceitos-basicos      sem gold
    SO  unidade    laminas-cs-4244-internet-programming-sockets unidade-03-programacao -> unidade-02-gerencia-do PIOROU
    SO  subunidade laminas-cs-4244-internet-programming-sockets comunicacao-e-sincroni -> conceitos-basicos      sem gold
    SO  unidade    laminas-sockets-material-alternativo-em-pt   unidade-03-programacao -> unidade-02-gerencia-do PIOROU
    SO  subunidade laminas-sockets-material-alternativo-em-pt   comunicacao-e-sincroni -> conceitos-basicos      sem gold
    SO  subunidade 3103-threads                                 escalonamento          -> conceitos-basicos      melhorou
    SO  subunidade biblioteca-em-c-pthread                      escalonamento          -> conceitos-basicos      sem gold
    SO  subunidade exemplo-threads-em-c-exemplo1                (vazio)                -> conceitos-basicos      melhorou
    SO  subunidade exemplo-threads-em-c-exemplo2                (vazio)                -> conceitos-basicos      melhorou
    SO  subunidade 2306-laminas-laminas-armazenamento-em-massa  arquivos               -> implementacao-de-siste sem gold
  SO  A -> B (07/09 -> pre-correcao): unidade mudou 4 (piorou 4, melhorou 0) · subunidade mudou 16 (piorou 0, melhorou 5)
    SO  unidade    lista-exercicios-p1-gabarito                 unidade-02-gerencia-do -> unidade-03-programacao melhorou
    SO  subunidade lista-exercicios-p1-gabarito                 conceitos-basicos      -> programas-multithreads sem gold
    SO  unidade    lista-exercicios-p1                          unidade-02-gerencia-do -> unidade-03-programacao melhorou
    SO  subunidade lista-exercicios-p1                          conceitos-basicos      -> comunicacao-e-sincroni sem gold
    SO  unidade    laminas-cs-4244-internet-programming-sockets unidade-02-gerencia-do -> unidade-03-programacao melhorou
    SO  subunidade laminas-cs-4244-internet-programming-sockets conceitos-basicos      -> comunicacao-e-sincroni sem gold
    SO  unidade    laminas-sockets-material-alternativo-em-pt   unidade-02-gerencia-do -> unidade-03-programacao melhorou
    SO  subunidade laminas-sockets-material-alternativo-em-pt   conceitos-basicos      -> comunicacao-e-sincroni sem gold
  SO  B -> C (pre -> corrigido): unidade mudou 4 (piorou 0, melhorou 4) · subunidade mudou 4 (piorou 0, melhorou 0)
    SO  subunidade 1205-laminas-gerencia-de-memoria             paginacao              -> politicas-basicas      sem gold
    SO  subunidade exercicios                                   (vazio)                -> algoritmos-de-escalona melhorou
    SO  subunidade lista-exercicios-p1                          programas-multithreads -> comunicacao-e-sincroni sem gold
    SO  subunidade definicao-e-historico                        servicos-dos-sistemas- -> evolucao-historica     igual p/ gold
    SO  subunidade 1203-processos                               chamadas-de-sistema    -> servicos-dos-sistemas- igual p/ gold
    SO  subunidade 1903-estruturas-de-controle                  escalonamento          -> conceitos-basicos      melhorou
    SO  subunidade 14-04-troca-de-mensagens                     escalonamento          -> conceitos-basicos      sem gold
    SO  subunidade 1404-laminas-ipc                             escalonamento          -> conceitos-basicos      sem gold
    SO  subunidade 3103-threads                                 escalonamento          -> conceitos-basicos      melhorou
    SO  subunidade biblioteca-em-c-pthread                      escalonamento          -> conceitos-basicos      sem gold
    SO  subunidade exemplo-threads-em-c-exemplo1                (vazio)                -> conceitos-basicos      melhorou
    SO  subunidade exemplo-threads-em-c-exemplo2                (vazio)                -> conceitos-basicos      melhorou
    SO  subunidade 2306-laminas-laminas-armazenamento-em-massa  arquivos               -> implementacao-de-siste sem gold
  SO  A -> C (07/09 -> corrigido): unidade mudou 0 (piorou 0, melhorou 0) · subunidade mudou 13 (piorou 0, melhorou 5)
== CG: A=c56b6cb (ultimo commit ate 08/09) · B=HEAD · C=arvore de trabalho
    CG  subunidade intro                                        conceitos              -> origens                igual p/ gold
    CG  subunidade opengl3dcpp-vdi                              conceito-de-camera-sin -> paralela               PIOROU
    CG  subunidade opengl3dcpp                                  perspectiva            -> paralela               igual p/ gold
    CG  unidade    exercicios                                   unidade-01-introducao- -> unidade-02-fundamentos PIOROU
    CG  subunidade exercicios                                   conceitos              -> (vazio)                igual p/ gold
    CG  unidade    opengl-cpp                                   unidade-01-introducao- -> unidade-02-fundamentos PIOROU
    CG  subunidade opengl-cpp                                   conceitos              -> entidades-geometricas  igual p/ gold
    CG  unidade    opengl-py                                    unidade-01-introducao- -> unidade-02-fundamentos PIOROU
    CG  subunidade opengl-py                                    conceitos              -> entidades-geometricas  igual p/ gold
    CG  unidade    openglbasico                                 unidade-01-introducao- -> unidade-02-fundamentos PIOROU
    CG  subunidade openglbasico                                 conceitos              -> entidades-geometricas  igual p/ gold
    CG  unidade    texturas-v3                                  unidade-01-introducao- -> unidade-02-fundamentos igual p/ gold
    CG  subunidade texturas-v3                                  conceitos              -> entidades-geometricas  sem gold
    CG  subunidade transformacoesgeometricas                    (vazio)                -> desenho-de-linhas      PIOROU
    CG  subunidade bezier-py                                    bezier-e-algoritmo-de- -> representacao-de-curva igual p/ gold
    CG  subunidade bezier-python                                bezier-e-algoritmo-de- -> tecnicas-de-modelagem- PIOROU
    CG  subunidade videoscg-v2                                  conceitos              -> areas-relacionadas     sem gold
    CG  unidade    video-com-instrucoes-para-usar-opengl-na-vdi unidade-01-introducao- -> unidade-02-fundamentos PIOROU
    CG  subunidade video-com-instrucoes-para-usar-opengl-na-vdi conceitos              -> (vazio)                igual p/ gold
  CG  A -> B (07/09 -> pre-correcao): unidade mudou 6 (piorou 5, melhorou 0) · subunidade mudou 13 (piorou 3, melhorou 0)
    CG  unidade    exercicios                                   unidade-02-fundamentos -> unidade-01-introducao- melhorou
    CG  subunidade exercicios                                   (vazio)                -> aplicacoes             melhorou
    CG  unidade    opengl-cpp                                   unidade-02-fundamentos -> unidade-01-introducao- melhorou
    CG  subunidade opengl-cpp                                   entidades-geometricas  -> aplicacoes             melhorou
    CG  unidade    opengl-py                                    unidade-02-fundamentos -> unidade-01-introducao- melhorou
    CG  subunidade opengl-py                                    entidades-geometricas  -> aplicacoes             melhorou
    CG  unidade    openglbasico                                 unidade-02-fundamentos -> unidade-01-introducao- melhorou
    CG  subunidade openglbasico                                 entidades-geometricas  -> aplicacoes             melhorou
    CG  unidade    texturas-v3                                  unidade-02-fundamentos -> unidade-01-introducao- igual p/ gold
    CG  subunidade texturas-v3                                  entidades-geometricas  -> aplicacoes             sem gold
    CG  subunidade videoscg-v2                                  areas-relacionadas     -> aplicacoes             sem gold
    CG  unidade    video-com-instrucoes-para-usar-opengl-na-vdi unidade-02-fundamentos -> unidade-01-introducao- melhorou
    CG  subunidade video-com-instrucoes-para-usar-opengl-na-vdi (vazio)                -> aplicacoes             melhorou
  CG  B -> C (pre -> corrigido): unidade mudou 6 (piorou 0, melhorou 5) · subunidade mudou 7 (piorou 0, melhorou 5)
    CG  subunidade intro                                        conceitos              -> origens                igual p/ gold
    CG  subunidade opengl3dcpp-vdi                              conceito-de-camera-sin -> paralela               PIOROU
    CG  subunidade opengl3dcpp                                  perspectiva            -> paralela               igual p/ gold
    CG  subunidade exercicios                                   conceitos              -> aplicacoes             melhorou
    CG  subunidade opengl-cpp                                   conceitos              -> aplicacoes             melhorou
    CG  subunidade opengl-py                                    conceitos              -> aplicacoes             melhorou
    CG  subunidade openglbasico                                 conceitos              -> aplicacoes             melhorou
    CG  subunidade texturas-v3                                  conceitos              -> aplicacoes             sem gold
    CG  subunidade transformacoesgeometricas                    (vazio)                -> desenho-de-linhas      PIOROU
    CG  subunidade bezier-py                                    bezier-e-algoritmo-de- -> representacao-de-curva igual p/ gold
    CG  subunidade bezier-python                                bezier-e-algoritmo-de- -> tecnicas-de-modelagem- PIOROU
    CG  subunidade videoscg-v2                                  conceitos              -> aplicacoes             sem gold
    CG  subunidade video-com-instrucoes-para-usar-opengl-na-vdi conceitos              -> aplicacoes             melhorou
  CG  A -> C (07/09 -> corrigido): unidade mudou 0 (piorou 0, melhorou 0) · subunidade mudou 13 (piorou 3, melhorou 5)
