== C) META_LEXICO e D) REPETIDO_3 no SO, 3 regimes
META_LEXICO      SO   sem     (8, 7) -> (15, 14)  gain ['exemplo-criacao-de-processos-no-unix-linux-filho', 'exemplo-criacao-de-processos-no-unix-linux-teste01', 'exemplo-criacao-de-processos-no-unix-linux-teste02', 'exemplo-criacao-de-processos-no-unix-linux-teste03', 'exemplo-threads-em-c-exemplo1', 'exemplo-threads-em-c-exemplo2', 'exemplo-threads-em-c-exemplo3']  loss []
REPETIDO_3       SO   sem     (8, 7) -> (15, 14)  gain ['exemplo-criacao-de-processos-no-unix-linux-filho', 'exemplo-criacao-de-processos-no-unix-linux-teste01', 'exemplo-criacao-de-processos-no-unix-linux-teste02', 'exemplo-criacao-de-processos-no-unix-linux-teste03', 'exemplo-threads-em-c-exemplo1', 'exemplo-threads-em-c-exemplo2', 'exemplo-threads-em-c-exemplo3']  loss []
META_LEXICO      SO   determ  (8, 7) -> (15, 14)  gain ['exemplo-criacao-de-processos-no-unix-linux-filho', 'exemplo-criacao-de-processos-no-unix-linux-teste01', 'exemplo-criacao-de-processos-no-unix-linux-teste02', 'exemplo-criacao-de-processos-no-unix-linux-teste03', 'exemplo-threads-em-c-exemplo1', 'exemplo-threads-em-c-exemplo2', 'exemplo-threads-em-c-exemplo3']  loss []
REPETIDO_3       SO   determ  (8, 7) -> (15, 14)  gain ['exemplo-criacao-de-processos-no-unix-linux-filho', 'exemplo-criacao-de-processos-no-unix-linux-teste01', 'exemplo-criacao-de-processos-no-unix-linux-teste02', 'exemplo-criacao-de-processos-no-unix-linux-teste03', 'exemplo-threads-em-c-exemplo1', 'exemplo-threads-em-c-exemplo2', 'exemplo-threads-em-c-exemplo3']  loss []
META_LEXICO      SO   com     (8, 7) -> (15, 14)  gain ['exemplo-criacao-de-processos-no-unix-linux-filho', 'exemplo-criacao-de-processos-no-unix-linux-teste01', 'exemplo-criacao-de-processos-no-unix-linux-teste02', 'exemplo-criacao-de-processos-no-unix-linux-teste03', 'exemplo-threads-em-c-exemplo1', 'exemplo-threads-em-c-exemplo2', 'exemplo-threads-em-c-exemplo3']  loss []
REPETIDO_3       SO   com     (8, 7) -> (15, 14)  gain ['exemplo-criacao-de-processos-no-unix-linux-filho', 'exemplo-criacao-de-processos-no-unix-linux-teste01', 'exemplo-criacao-de-processos-no-unix-linux-teste02', 'exemplo-criacao-de-processos-no-unix-linux-teste03', 'exemplo-threads-em-c-exemplo1', 'exemplo-threads-em-c-exemplo2', 'exemplo-threads-em-c-exemplo3']  loss []
== C) nos outros cursos (determ)
META_LEXICO      IA   determ  (36, 36) -> (36, 36)  gain []  loss []
META_LEXICO      ES2  determ  (20, 18) -> (20, 18)  gain []  loss []
META_LEXICO      TCC  determ  (11, 9) -> (11, 9)  gain []  loss []
META_LEXICO      MF   determ  (50, 36) -> (50, 36)  gain []  loss []
== CANDIDATO = META_LEXICO + SEM_VETO_TITULO, 5 cursos x 3 regimes
CANDIDATO        MF   sem     (52, 38) -> (52, 38)  gain []  loss []
CANDIDATO        MF   determ  (50, 36) -> (50, 36)  gain []  loss []
CANDIDATO        MF   com     (51, 34) -> (51, 34)  gain []  loss []
CANDIDATO        SO   sem     (8, 7) -> (15, 14)  gain ['exemplo-criacao-de-processos-no-unix-linux-filho', 'exemplo-criacao-de-processos-no-unix-linux-teste01', 'exemplo-criacao-de-processos-no-unix-linux-teste02', 'exemplo-criacao-de-processos-no-unix-linux-teste03', 'exemplo-threads-em-c-exemplo1', 'exemplo-threads-em-c-exemplo2', 'exemplo-threads-em-c-exemplo3']  loss []
CANDIDATO        SO   determ  (8, 7) -> (15, 14)  gain ['exemplo-criacao-de-processos-no-unix-linux-filho', 'exemplo-criacao-de-processos-no-unix-linux-teste01', 'exemplo-criacao-de-processos-no-unix-linux-teste02', 'exemplo-criacao-de-processos-no-unix-linux-teste03', 'exemplo-threads-em-c-exemplo1', 'exemplo-threads-em-c-exemplo2', 'exemplo-threads-em-c-exemplo3']  loss []
CANDIDATO        SO   com     (8, 7) -> (15, 14)  gain ['exemplo-criacao-de-processos-no-unix-linux-filho', 'exemplo-criacao-de-processos-no-unix-linux-teste01', 'exemplo-criacao-de-processos-no-unix-linux-teste02', 'exemplo-criacao-de-processos-no-unix-linux-teste03', 'exemplo-threads-em-c-exemplo1', 'exemplo-threads-em-c-exemplo2', 'exemplo-threads-em-c-exemplo3']  loss []
CANDIDATO        IA   sem     (36, 36) -> (37, 37)  gain ['rede-perceptron-or-em-python']  loss []
CANDIDATO        IA   determ  (36, 36) -> (37, 37)  gain ['rede-perceptron-or-em-python']  loss []
CANDIDATO        IA   com     (38, 38) -> (38, 38)  gain []  loss []
CANDIDATO        ES2  sem     (16, 14) -> (17, 14)  gain ['kubernetes']  loss []
CANDIDATO        ES2  determ  (20, 18) -> (21, 19)  gain ['kubernetes']  loss []
CANDIDATO        ES2  com     (21, 18) -> (22, 19)  gain ['kubernetes']  loss []
CANDIDATO        TCC  sem     (11, 9) -> (11, 9)  gain []  loss []
CANDIDATO        TCC  determ  (11, 9) -> (11, 9)  gain []  loss []
CANDIDATO        TCC  com     (11, 9) -> (11, 9)  gain []  loss []
TOTAL candidato (com-extras, primario) /151 no replay: {'sem': [132, 112], 'determ': [134, 115], 'com': [137, 114]} | base replay: sem 123, determ 125, com 129
