== Metodos-Formais-Tutor: 66 entries · 23 topicos · votos 52 · git sujo: 0
[profile] Metodos-Formais-Tutor: perfil 'Metodos-Formais' aplicado (feature_flags={'use_anchor_engine': True, 'use_llm_voter': True, 'compile_vocabulary': True})
[ok] Metodos-Formais-Tutor: bloco 62/66 -> 62/66 (backup: manifest.json.bak)
   topicos 23 -> 23 | sub mudou 0 | bloco 0 | unidade 0 | revisar mudou 0 {}
   commit: ok | HEAD 3584f89
== Sistemas-Operacionais-Tutor: 39 entries · 36 topicos · votos 20 · git sujo: 0
[profile] Sistemas-Operacionais-Tutor: perfil 'Sistemas Operacionais' aplicado (feature_flags={'use_anchor_engine': True, 'use_llm_voter': True, 'compile_vocabulary': True})
[ok] Sistemas-Operacionais-Tutor: bloco 35/39 -> 35/39 (backup: manifest.json.bak)
   topicos 36 -> 36 | sub mudou 0 | bloco 0 | unidade 0 | revisar mudou 1 {('duvida', 'ok'): 1}
   commit: ok | HEAD c44640d
== Inteligencia-Artifical-Tutor: 59 entries · 20 topicos · votos 22 · git sujo: 0
[profile] Inteligencia-Artifical-Tutor: perfil 'Inteligencia Artificial' aplicado (feature_flags={'use_anchor_engine': True, 'use_llm_voter': True, 'compile_vocabulary': True})
[ok] Inteligencia-Artifical-Tutor: bloco 55/59 -> 55/59 (backup: manifest.json.bak)
   topicos 20 -> 20 | sub mudou 0 | bloco 0 | unidade 0 | revisar mudou 0 {}
   commit: ok | HEAD 3b7ffbd
== Engenharia-Software-2-Tutor: 35 entries · 21 topicos · votos 32 · git sujo: 0
[profile] Engenharia-Software-2-Tutor: perfil 'Engenharia de Software II' aplicado (feature_flags={'use_anchor_engine': True, 'use_llm_voter': True, 'compile_vocabulary': True})
[ok] Engenharia-Software-2-Tutor: bloco 34/35 -> 34/35 (backup: manifest.json.bak)
   topicos 21 -> 21 | sub mudou 0 | bloco 0 | unidade 0 | revisar mudou 0 {}
   commit: ok | HEAD 3cde146
== TCC-Tutor: 27 entries · 26 topicos · votos 22 · git sujo: 0
[profile] TCC-Tutor: perfil 'Teoria da Computabilidade e Complexidade' aplicado (feature_flags={'use_anchor_engine': True, 'use_llm_voter': True, 'compile_vocabulary': True})
[ok] TCC-Tutor: bloco 26/27 -> 26/27 (backup: manifest.json.bak)
   topicos 26 -> 26 | sub mudou 0 | bloco 0 | unidade 0 | revisar mudou 1 {('duvida', 'ok'): 1}
   commit: ok | HEAD a7a26cd
== Laboratorio-de-Redes-Tutor: 7 entries · 11 topicos · votos 2 · git sujo: 0
[profile] Laboratorio-de-Redes-Tutor: perfil 'Laboratório de Redes de Computadores' aplicado (feature_flags={'use_anchor_engine': True, 'use_llm_voter': True, 'compile_vocabulary': True})
[ok] Laboratorio-de-Redes-Tutor: bloco 6/7 -> 6/7 (backup: manifest.json.bak)
   topicos 11 -> 11 | sub mudou 0 | bloco 0 | unidade 0 | revisar mudou 0 {}
   commit: ok | HEAD ae5fead
== Fundamentos-de-Redes-Tutor: 22 entries · 32 topicos · votos 13 · git sujo: 0
[profile] Fundamentos-de-Redes-Tutor: perfil 'Fundamentos de Redes de Computadores' aplicado (feature_flags={'use_anchor_engine': True, 'use_llm_voter': True, 'compile_vocabulary': True})
[ok] Fundamentos-de-Redes-Tutor: bloco 19/22 -> 19/22 (backup: manifest.json.bak)
   topicos 32 -> 32 | sub mudou 0 | bloco 0 | unidade 0 | revisar mudou 0 {}
   commit: ok | HEAD 7468cd8
== Computacao-Grafica-Tutor: 93 entries · 59 topicos · votos 36 · git sujo: 0
[profile] Computacao-Grafica-Tutor: perfil 'Computação Gráfica' aplicado (feature_flags={'use_anchor_engine': True, 'use_llm_voter': True, 'compile_vocabulary': True})
[ok] Computacao-Grafica-Tutor: bloco 68/93 -> 68/93 (backup: manifest.json.bak)
   topicos 59 -> 59 | sub mudou 3 | bloco 0 | unidade 0 | revisar mudou 0 {}
      sub: intro                                        origens                        -> conceitos
      sub: morfologiamatematicapptx                     cores-e-tipos-de-imagens       -> segmentacao
      sub: aula-gravada-975b85                          -                              -> segmentacao
   commit: ok | HEAD c56b6cb
TOTAL 8 tutores: topicos 228 -> 228 · subunidade 3 · unidade 0 · bloco 0
[fim]
