  S2  - SO  2403-escalonamento-de-processos      [Gerência de Processos CPU ] escalonamento            -> conceitos-basicos        gold=escalonamento
  S2  - SO  2603-algoritmos-de-escalonamento     [Gerência de Processos CPU ] oritmos-de-escalonamento -> conceitos-basicos        gold=itmos-de-escalonamento
  S2  - SO  exercicios                           [Gerência de Processos CPU ] oritmos-de-escalonamento -> conceitos-basicos        gold=itmos-de-escalonamento
  S2  ~ SO  definicao-e-historico                [Introdução aos Sistemas Op] evolucao-historica       -> os-sistemas-operacionais gold=evolucao-historica
  S2  - SO  3103-threads                         [Threads                   ] conceitos-basicos        -> estudo-de-casos          gold=conceitos-basicos
  S2  - SO  exemplo-threads-em-c-exemplo1        [Threads                   ] conceitos-basicos        -> estudo-de-casos          gold=conceitos-basicos
  S2  - SO  exemplo-threads-em-c-exemplo2        [Threads                   ] conceitos-basicos        -> estudo-de-casos          gold=conceitos-basicos
  S1  - SO  exemplo-threads-em-c-exemplo3        [Threads                   ] conceitos-basicos        -> estudo-de-casos          gold=conceitos-basicos
  S2  - SO  exemplo-threads-em-c-exemplo3        [Threads                   ] conceitos-basicos        -> estudo-de-casos          gold=conceitos-basicos
  S1  - IA  algoritmo-de-classificacao-k-nn      [Semana 3 - 16.03 a 20.03 -] modelos-preditivos       -> o-aprendizado-de-maquina gold=modelos-preditivos
  S2  - IA  algoritmo-de-classificacao-k-nn      [Semana 3 - 16.03 a 20.03 -] modelos-preditivos       -> o-aprendizado-de-maquina gold=modelos-preditivos
  S1  - IA  artigo-usando-k-nn-em-texto          [Semana 3 - 16.03 a 20.03 -] modelos-preditivos       -> o-aprendizado-de-maquina gold=modelos-preditivos
  S2  - IA  artigo-usando-k-nn-em-texto          [Semana 3 - 16.03 a 20.03 -] modelos-preditivos       -> o-aprendizado-de-maquina gold=modelos-preditivos
  S2  - IA  exemplo-de-programa-com-k-nn-em-java [Semana 3 - 16.03 a 20.03 -] modelos-preditivos       -> o-aprendizado-de-maquina gold=modelos-preditivos
  S2  - IA  exemplo-2-k-nn-com-iriscsv-mais-comp [Semana 3 - 16.03 a 20.03 -] modelos-preditivos       -> o-aprendizado-de-maquina gold=modelos-preditivos
  S2  - IA  exemplo-com-k-nn                     [Semana 3 - 16.03 a 20.03 -] modelos-preditivos       -> o-aprendizado-de-maquina gold=modelos-preditivos
  S1  ~ MF  exerciciosisabelle2                  [Provas por Indução        ] provadores-de-teoremas   -> ao-de-funcoes-recursivas gold=provadores-de-teoremas
  S2  ~ MF  exerciciosisabelle2                  [Provas por Indução        ] provadores-de-teoremas   -> ao-de-funcoes-recursivas gold=provadores-de-teoremas
  S1  ~ MF  exerciciosisabelle                   [Provas por Indução        ] provadores-de-teoremas   -> ao-de-funcoes-recursivas gold=provadores-de-teoremas
  S2  ~ MF  exerciciosisabelle                   [Provas por Indução        ] provadores-de-teoremas   -> ao-de-funcoes-recursivas gold=provadores-de-teoremas
  S2  ~ MF  arvores                              [Provas por Indução        ] provadores-de-teoremas   -> ao-de-funcoes-recursivas gold=provadores-de-teoremas
  S1  + MF  exemplos                             [Provas por Indução        ] exemplos-de-aplicacoes   -> ao-de-funcoes-recursivas gold=provadores-de-teoremas
  S2  + MF  exemplos                             [Provas por Indução        ] exemplos-de-aplicacoes   -> ao-de-funcoes-recursivas gold=provadores-de-teoremas
  S2  ~ MF  listas                               [Provas por Indução        ] provadores-de-teoremas   -> ao-de-funcoes-recursivas gold=provadores-de-teoremas
  S2  ~ MF  provas                               [Provas por Indução        ] provadores-de-teoremas   -> ao-de-funcoes-recursivas gold=provadores-de-teoremas
  S1  ~ MF  verificacaomodelos                   [Especificação e Verificaçã] quenciais-e-concorrentes -> e-modelos-model-checking gold=modelos-model-checking
  S2  ~ MF  verificacaomodelos                   [Especificação e Verificaçã] quenciais-e-concorrentes -> e-modelos-model-checking gold=modelos-model-checking
  S1  ~ MF  exerciciosnusmv                      [Especificação e Verificaçã] icacao-formal-de-modelos -> e-modelos-model-checking gold=acao-formal-de-modelos
  S1b ~ MF  exerciciosnusmv                      [Especificação e Verificaçã] icacao-formal-de-modelos -> e-modelos-model-checking gold=acao-formal-de-modelos
  S2  ~ MF  exerciciosnusmv                      [Especificação e Verificaçã] icacao-formal-de-modelos -> e-modelos-model-checking gold=acao-formal-de-modelos
  S1  + MF  exemplos-zip                         [Especificação e Verificaçã] -                        -> e-modelos-model-checking gold=acao-formal-de-modelos
  S1b + MF  exemplos-zip                         [Especificação e Verificaçã] -                        -> e-modelos-model-checking gold=acao-formal-de-modelos
  S2  + MF  exemplos-zip                         [Especificação e Verificaçã] -                        -> e-modelos-model-checking gold=acao-formal-de-modelos
  S1  + CG  intro                                [1 - Origens da Computação ] -                        -> origens                  gold=origens
  S1b + CG  intro                                [1 - Origens da Computação ] -                        -> origens                  gold=origens
  S2  + CG  intro                                [1 - Origens da Computação ] -                        -> origens                  gold=origens
  S2  ~ CG  csg                                  [12 - Modelagem Geométrica ] a-solida-construtiva-csg -> tecnicas-de-modelagem-3d gold=solida-construtiva-csg
  S1  ~ CG  modelagem3d                          [12 - Modelagem Geométrica ] representacao-aramada    -> tecnicas-de-modelagem-3d gold=ormas-de-representacao
  S2  ~ CG  modelagem3d                          [12 - Modelagem Geométrica ] representacao-aramada    -> tecnicas-de-modelagem-3d gold=ormas-de-representacao
  S1  ~ CG  basico3d-cpp                         [14 - Exercícios sobre Mode] e-algoritmo-de-casteljau -> tecnicas-de-modelagem-3d gold=cnicas-de-modelagem-3d
  S2  ~ CG  basico3d-cpp                         [14 - Exercícios sobre Mode] e-algoritmo-de-casteljau -> tecnicas-de-modelagem-3d gold=cnicas-de-modelagem-3d
  S1  ~ CG  elemoculto                           [15 - Remoção de Elementos ] algoritmo-z-buffer       -> cao-de-elementos-ocultos gold=o-de-elementos-ocultos
  S2  ~ CG  elemoculto                           [15 - Remoção de Elementos ] algoritmo-z-buffer       -> cao-de-elementos-ocultos gold=o-de-elementos-ocultos
  S2  - CG  exemplozbuffer                       [15 - Remoção de Elementos ] algoritmo-z-buffer       -> cao-de-elementos-ocultos gold=algoritmo-z-buffer
  S1  ~ CG  bezier-animacao                      [7 - Curvas Paramétricas   ] e-algoritmo-de-casteljau -> o-de-curvas-parametricas gold=algoritmo-de-casteljau
  S2  ~ CG  bezier-animacao                      [7 - Curvas Paramétricas   ] e-algoritmo-de-casteljau -> o-de-curvas-parametricas gold=algoritmo-de-casteljau
  S1  ~ CG  bezier-cpp                           [7 - Curvas Paramétricas   ] e-algoritmo-de-casteljau -> o-de-curvas-parametricas gold=algoritmo-de-casteljau
  S2  ~ CG  bezier-cpp                           [7 - Curvas Paramétricas   ] e-algoritmo-de-casteljau -> o-de-curvas-parametricas gold=algoritmo-de-casteljau
  S1  ~ CG  bezier-py                            [7 - Curvas Paramétricas   ] e-algoritmo-de-casteljau -> o-de-curvas-parametricas gold=algoritmo-de-casteljau
  S2  ~ CG  bezier-py                            [7 - Curvas Paramétricas   ] e-algoritmo-de-casteljau -> o-de-curvas-parametricas gold=algoritmo-de-casteljau
  S1  ~ CG  bezier-python                        [7 - Curvas Paramétricas   ] e-algoritmo-de-casteljau -> o-de-curvas-parametricas gold=algoritmo-de-casteljau
  S2  ~ CG  bezier-python                        [7 - Curvas Paramétricas   ] e-algoritmo-de-casteljau -> o-de-curvas-parametricas gold=algoritmo-de-casteljau
  S1  ~ CG  curvas                               [7 - Curvas Paramétricas   ] hermite                  -> o-de-curvas-parametricas gold=de-curvas-parametricas
  S2  ~ CG  curvas                               [7 - Curvas Paramétricas   ] hermite                  -> o-de-curvas-parametricas gold=de-curvas-parametricas
  S1  + CG  curvasparametricas                   [7 - Curvas Paramétricas   ] -                        -> o-de-curvas-parametricas gold=de-curvas-parametricas
  S1b + CG  curvasparametricas                   [7 - Curvas Paramétricas   ] -                        -> o-de-curvas-parametricas gold=de-curvas-parametricas
  S2  + CG  curvasparametricas                   [7 - Curvas Paramétricas   ] -                        -> o-de-curvas-parametricas gold=de-curvas-parametricas
  S1  + CG  exercicios-sobre-curvas              [7 - Curvas Paramétricas   ] hermite                  -> o-de-curvas-parametricas gold=catmull-rom
  S2  + CG  exercicios-sobre-curvas              [7 - Curvas Paramétricas   ] hermite                  -> o-de-curvas-parametricas gold=catmull-rom
  S1  ~ CG  slab                                 [5 - Geometria Computaciona] algoritmos-de-poligonos  -> -geometria-computacional gold=eometria-computacional
  S1b ~ CG  slab                                 [5 - Geometria Computaciona] algoritmos-de-poligonos  -> -geometria-computacional gold=eometria-computacional
  S2  ~ CG  slab                                 [5 - Geometria Computaciona] algoritmos-de-poligonos  -> -geometria-computacional gold=eometria-computacional
base subunidade 194/233  diverge_do_gravado=0
S1   subunidade 196/233  flips + 5 - 3 ~ 13
S1b  subunidade 197/233  flips + 3 - 0 ~ 2
S2   subunidade 186/233  flips + 5 - 13 ~ 18
