=== CRU — 23 materiais em que o titulo contradiz o motor ===
  corte                         dispara   GANHA   PERDE  ambos err   saldo
  A sempre                           23       4      13          6      -9
  B so na fila                       15       4       7          4      -3
  C so com conflito                   5       1       2          2      -1
  D so dimensional (2d/3d)            3       3       0          0      +3
  E so com 2+ tokens                  0       0       0          0      +0
  F fila OU conflito                 15       4       7          4      -3

=== PRODUTO — 21 materiais em que o titulo contradiz o motor ===
  corte                         dispara   GANHA   PERDE  ambos err   saldo
  A sempre                           21       1      15          5     -14
  B so na fila                        7       1       5          1      -4
  C so com conflito                   4       1       3          0      -2
  D so dimensional (2d/3d)            1       0       0          1      +0
  E so com 2+ tokens                  0       0       0          0      +0
  F fila OU conflito                  7       1       5          1      -4

NOMINAIS do corte D (dimensional) no CRU:
  [GANHO        ] CG   resolucao-de-prova-de-computacao-grafica-2d   
                  motor=unidade-08-sintese-de-imagens-realisticas
                  titulo=unidade-04-processo-de-visualizacao-2d
  [GANHO        ] CG   resolucao-de-prova-de-computacao-grafica-2d-html
                  motor=unidade-08-sintese-de-imagens-realisticas
                  titulo=unidade-04-processo-de-visualizacao-2d
  [GANHO        ] CG   resolucao-de-prova-de-computacao-grafica-3d   
                  motor=unidade-04-processo-de-visualizacao-2d
                  titulo=unidade-06-processo-de-visualizacao-3d
